// Jest Snapshot v1, https://goo.gl/fbAQLP

exports[`docker test should throw snapshot error 1`] = `2018-02-13T16:01:14.325Z`;
